docker :  Image testing-ythril-a Building 
At line:1 char:1
+ docker compose -f testing/docker-compose.test.yml build 2>&1 | Tee-Ob ...
+ ~~~~~~~~~~~~~~~~~~~~~~~~~~~~~~~~~~~~~~~~~~~~~~~~~~~~~~~~~~~~
    + CategoryInfo          : NotSpecified: ( Image testing-ythril-a Building :String) [], RemoteException
    + FullyQualifiedErrorId : NativeCommandError
 
 Image testing-ythril-b Building 
 Image testing-ythril-c Building 
#1 [internal] load local bake definitions
#1 reading from stdin 1.33kB done
#1 DONE 0.0s

#2 [ythril-c internal] load build definition from Dockerfile
#2 transferring dockerfile: 3.33kB 0.0s done
#2 DONE 0.0s

#3 [ythril-c internal] load metadata for docker.io/library/node:22-slim
#3 DONE 0.4s

#4 [ythril-b internal] load .dockerignore
#4 transferring context: 127B done
#4 DONE 0.0s

#5 [ythril-a client-builder 1/7] FROM docker.io/library/node:22-slim@sha256:4f77a690f2f8946ab16fe1e791a3ac0667ae1c3575c3e4d0d4589e9ed5bfaf3d
#5 resolve docker.io/library/node:22-slim@sha256:4f77a690f2f8946ab16fe1e791a3ac0667ae1c3575c3e4d0d4589e9ed5bfaf3d 0.0s done
#5 DONE 0.0s

#6 [ythril-c internal] load build context
#6 transferring context: 14.58kB done
#6 DONE 0.0s

#7 [ythril-b client-builder 7/7] RUN npm run build:prod --workspace=client
#7 CACHED

#8 [ythril-b production  6/10] RUN npm ci --workspace=server --omit=dev
#8 CACHED

#9 [ythril-b builder 3/9] WORKDIR /build
#9 CACHED

#10 [ythril-b client-builder 4/7] COPY client/package.json ./client/
#10 CACHED

#11 [ythril-b builder 5/9] COPY tsconfig.base.json ./
#11 CACHED

#12 [ythril-b builder 7/9] RUN npm ci --workspace=server
#12 CACHED

#13 [ythril-b production  3/10] WORKDIR /app
#13 CACHED

#14 [ythril-b builder 9/9] RUN npm run build --workspace=server
#14 CACHED

#15 [ythril-b production  7/10] COPY --from=builder /build/server/dist ./server/dist
#15 CACHED

#16 [ythril-b builder 2/9] RUN apt-get update && apt-get install -y --no-install-recommends python3 make g++ && rm -rf /var/lib/apt/lists/*
#16 CACHED

#17 [ythril-b builder 6/9] COPY server/package.json ./server/
#17 CACHED

#18 [ythril-b production  4/10] COPY package.json package-lock.json* ./
#18 CACHED

#19 [ythril-b builder 4/9] COPY package.json package-lock.json* ./
#19 CACHED

#20 [ythril-b client-builder 3/7] COPY package.json package-lock.json* ./
#20 CACHED

#21 [ythril-b client-builder 2/7] WORKDIR /build
#21 CACHED

#22 [ythril-b production  5/10] COPY server/package.json ./server/
#22 CACHED

#23 [ythril-b client-builder 6/7] COPY client/ ./client/
#23 CACHED

#24 [ythril-b client-builder 5/7] RUN npm ci --workspace=client
#24 CACHED

#25 [ythril-b builder 8/9] COPY server/ ./server/
#25 CACHED

#26 [ythril-b production  8/10] COPY --from=client-builder /build/client/dist/browser ./client/dist/browser
#26 CACHED

#27 [ythril-b production  9/10] RUN printf '%s\n'     'import { pipeline, env } from "@huggingface/transformers";'     'env.cacheDir = process.env.MODEL_CACHE_DIR;'     'console.log("Downloading nomic-embed-text-v1.5 (~274 MB, cached in image)...");'     'await pipeline("feature-extraction", "nomic-ai/nomic-embed-text-v1.5");'     'console.log("Embedding model ready.");'     > /app/server/warm.mjs && node /app/server/warm.mjs && rm /app/server/warm.mjs
#27 0.240 Downloading nomic-embed-text-v1.5 (~274 MB, cached in image)...
#27 0.471 dtype not specified for "model". Using the default dtype (fp32) for this device (cpu).
#27 70.43 Embedding model ready.
#27 DONE 71.4s

#27 [ythril-c production  9/10] RUN printf '%s\n'     'import { pipeline, env } from "@huggingface/transformers";'     'env.cacheDir = process.env.MODEL_CACHE_DIR;'     'console.log("Downloading nomic-embed-text-v1.5 (~274 MB, cached in image)...");'     'await pipeline("feature-extraction", "nomic-ai/nomic-embed-text-v1.5");'     'console.log("Embedding model ready.");'     > /app/server/warm.mjs && node /app/server/warm.mjs && rm /app/server/warm.mjs
#27 DONE 71.4s

#28 [ythril-a production 10/10] RUN mkdir -p /data /config && chown -R node:node /data /config /app/model-cache
#28 DONE 0.5s

#28 [ythril-c production 10/10] RUN mkdir -p /data /config && chown -R node:node /data /config /app/model-cache
#28 DONE 0.5s

#29 [ythril-a] exporting to image
#29 exporting layers
#29 ...

#30 [ythril-c] exporting to image
#30 ...

#31 [ythril-b] exporting to image
#31 exporting layers 20.6s done
#31 exporting manifest sha256:252d180cf429b1df7f9a54b2e7eb4d9a1c190b744c44f2f0036916dcdaafb89c 0.0s done
#31 exporting config sha256:cb0e2d666e120cc191cff1c27b4d56a054c922685b6e88c724086bf129e5bcdc 0.0s done
#31 exporting attestation manifest sha256:3637d69248053d2bc2da0ed0a61df1d92f516d4350e1e14a2a157f7d16d32af3
#31 ...

#30 [ythril-c] exporting to image
#30 exporting layers 20.6s done
#30 exporting manifest sha256:4ef7b16dde53f9f5ff2a8eb92a69fbe68aae1e11e4ced14bedd717aaf787a2c5 0.0s done
#30 exporting config sha256:15ed4b0f537a1432da6878f127e7950ab2eadfab5f9f29c662a6f1ab9d9b6c09 0.0s done
#30 exporting attestation manifest sha256:f1c47eeb39ccc73626e4b0bd4de8f0f20b9e531a0487b0a2592c32cca605122a 0.0s done
#30 exporting manifest list sha256:bd7f74a71f3cdcc1b85f95b179346e7e0496cea1dfb242f79227261da1134eed
#30 exporting manifest list sha256:bd7f74a71f3cdcc1b85f95b179346e7e0496cea1dfb242f79227261da1134eed 0.0s done
#30 naming to docker.io/library/testing-ythril-c:latest done
#30 unpacking to docker.io/library/testing-ythril-c:latest
#30 ...

#29 [ythril-a] exporting to image
#29 exporting layers 20.6s done
#29 exporting manifest sha256:e7c4eace21d9f2bd59b8813d722e529beb73696168ca65096c89cc19fea9803f 0.0s done
#29 exporting config sha256:e22c0960afe7340fdfece2a1c3577ad31473fef22d2ec559fe0bfc978dab26ea 0.0s done
#29 exporting attestation manifest sha256:645158cd278cebb83e12bf52eb925df38018a0e4b4cd1947b915493233a8346a 0.0s done
#29 exporting manifest list sha256:1f53462637362e37e3bdc6614725f31a2bc415e9275def5f4c69167914a67f06 0.0s done
#29 naming to docker.io/library/testing-ythril-a:latest done
#29 unpacking to docker.io/library/testing-ythril-a:latest
#29 ...

#31 [ythril-b] exporting to image
#31 exporting attestation manifest sha256:3637d69248053d2bc2da0ed0a61df1d92f516d4350e1e14a2a157f7d16d32af3 0.0s done
#31 exporting manifest list sha256:063dab8aa465ffa70fc96b44ce39d04d767eb121154a7fa6eeab4f3a1193dfac 0.0s done
#31 naming to docker.io/library/testing-ythril-b:latest done
#31 unpacking to docker.io/library/testing-ythril-b:latest
#31 unpacking to docker.io/library/testing-ythril-b:latest 12.6s done
#31 DONE 33.3s

#30 [ythril-c] exporting to image
#30 unpacking to docker.io/library/testing-ythril-c:latest 12.7s done
#30 DONE 33.4s

#29 [ythril-a] exporting to image
#29 unpacking to docker.io/library/testing-ythril-a:latest 12.8s done
#29 DONE 33.5s

#32 [ythril-b] resolving provenance for metadata file
#32 DONE 0.0s

#33 [ythril-c] resolving provenance for metadata file
#33 DONE 0.0s

#34 [ythril-a] resolving provenance for metadata file
#34 DONE 0.0s
 Image testing-ythril-c Built 
 Image testing-ythril-a Built 
 Image testing-ythril-b Built 
